
PROGRAM "E:\Laboratorio Sistemas Digitais II\LED_Doido\bin\QT4_ASM_PEDebug.abs"

*********************************************************************************************
TARGET SECTION
---------------------------------------------------------------------------------------------
Processor   : Motorola HC08
Memory Model: SMALL
File Format : ELF\Dwarf 2.0
Linker      : SmartLinker V-5.0.19, Apr  2 2002

*********************************************************************************************
FILE SECTION
---------------------------------------------------------------------------------------------
main.asm.o                              Model: SMALL,         Lang: Assembler

*********************************************************************************************
STARTUP SECTION
---------------------------------------------------------------------------------------------
Entry point : 0xEE00 (Entry)

*********************************************************************************************
SECTION-ALLOCATION SECTION
Section Name                    Size  Type     From       To       Segment
---------------------------------------------------------------------------------------------
.stack                            96   R/W       0x80       0xDF   RAM
.init                             72     R     0xEE00     0xEE47   ROM
.vectSeg0_vect                     2     R     0xFFFE     0xFFFF   .vectSeg0


ROM size:       4A (dec:       74)
RAM size:       60 (dec:       96)

*********************************************************************************************
VECTOR-ALLOCATION SECTION
    Address     InitValue   InitFunction
---------------------------------------------------------------------------------------------
     0xFFFE        0xEE00   main

*********************************************************************************************
OBJECT-ALLOCATION SECTION
     Name               Module                 Addr   hSize   dSize     Ref    Section     RLIB
---------------------------------------------------------------------------------------------
MODULE:                 -- main.asm.o --
- PROCEDURES:
     Entry                                     EE00      14      20       0   .init       
     main                                      EE00       0       0       0   .init       
     VERDE                                     EE14       C      12       0   .init       
     AMARELO                                   EE20      10      16       0   .init       
     FICA                                      EE30       8       8       0   .init       
     Dly_1s                                    EE38       2       2       2   .init       
     Loop0                                     EE3A       3       3       0   .init       
     Loop1                                     EE3D       B      11       0   .init       
- VARIABLES:

*********************************************************************************************
SECTION USE IN OBJECT-ALLOCATION SECTION
---------------------------------------------------------------------------------------------
SECTION: ".init"
  main Entry VERDE AMARELO FICA Dly_1s Loop0 Loop1 

*********************************************************************************************
UNUSED-OBJECTS SECTION
---------------------------------------------------------------------------------------------

*********************************************************************************************
COPYDOWN SECTION
---------------------------------------------------------------------------------------------

*********************************************************************************************
OBJECT-DEPENDENCIES SECTION
---------------------------------------------------------------------------------------------
AMARELO                   USES Dly_1s 

*********************************************************************************************
DEPENDENCY TREE
*********************************************************************************************
 main and _Startup Group
 | 
 +- main                
 |    
 +- Entry               
      
*********************************************************************************************
STATISTIC SECTION
---------------------------------------------------------------------------------------------

ExeFile:
--------
Number of blocks to be downloaded: 2
Total size of all blocks to be downloaded: 74

