
PROGRAM "E:\meca0209\aula090909\bin\QT4_ASM_PEDebug.abs"

*********************************************************************************************
TARGET SECTION
---------------------------------------------------------------------------------------------
Processor   : Motorola HC08
Memory Model: SMALL
File Format : ELF\Dwarf 2.0
Linker      : SmartLinker V-5.0.19, Apr  2 2002

*********************************************************************************************
FILE SECTION
---------------------------------------------------------------------------------------------
main.asm.o                              Model: SMALL,         Lang: Assembler

*********************************************************************************************
STARTUP SECTION
---------------------------------------------------------------------------------------------
Entry point : 0xEE00 (main)

*********************************************************************************************
SECTION-ALLOCATION SECTION
Section Name                    Size  Type     From       To       Segment
---------------------------------------------------------------------------------------------
.data                              1   R/W       0x80       0x80   RAM
.stack                            96   R/W       0x81       0xE0   RAM
.init                             54     R     0xEE00     0xEE35   ROM
.vectSeg0_vect                     2     R     0xFFFE     0xFFFF   .vectSeg0


ROM size:       38 (dec:       56)
RAM size:       61 (dec:       97)

*********************************************************************************************
VECTOR-ALLOCATION SECTION
    Address     InitValue   InitFunction
---------------------------------------------------------------------------------------------
     0xFFFE        0xEE00   main

*********************************************************************************************
OBJECT-ALLOCATION SECTION
     Name               Module                 Addr   hSize   dSize     Ref    Section     RLIB
---------------------------------------------------------------------------------------------
MODULE:                 -- main.asm.o --
- PROCEDURES:
     main                                      EE00       F      15       0   .init       
     VERDE                                     EE0F      14      20       0   .init       
     D1SEG                                     EE23       4       4       0   .init       
     D10MILI                                   EE27       2       2       0   .init       
     D100MICRO                                 EE29       2       2       0   .init       
     LOOP0                                     EE2B       B      11       0   .init       
- VARIABLES:
     VARDELAY                                    80       1       1       2   .data       

*********************************************************************************************
SECTION USE IN OBJECT-ALLOCATION SECTION
---------------------------------------------------------------------------------------------
SECTION: ".data"
  VARDELAY 
SECTION: ".init"
  main VERDE D1SEG D10MILI D100MICRO LOOP0 

*********************************************************************************************
UNUSED-OBJECTS SECTION
---------------------------------------------------------------------------------------------

*********************************************************************************************
COPYDOWN SECTION
---------------------------------------------------------------------------------------------

*********************************************************************************************
OBJECT-DEPENDENCIES SECTION
---------------------------------------------------------------------------------------------
D1SEG                     USES VARDELAY 
LOOP0                     USES VARDELAY 

*********************************************************************************************
DEPENDENCY TREE
*********************************************************************************************
 main and _Startup Group
 | 
 +- main                
      
*********************************************************************************************
STATISTIC SECTION
---------------------------------------------------------------------------------------------

ExeFile:
--------
Number of blocks to be downloaded: 2
Total size of all blocks to be downloaded: 56

