
PROGRAM "E:\meca0209\AULA1910092\prm\AULA1910093\bin\Project.abs"

*********************************************************************************************
TARGET SECTION
---------------------------------------------------------------------------------------------
Processor   : Freescale HC08
Memory Model: SMALL
File Format : ELF\DWARF 2.0
Linker      : SmartLinker V-5.0.34 Build 8120, Apr 30 2008

*********************************************************************************************
FILE SECTION
---------------------------------------------------------------------------------------------
main191009.asm.o                        Model: SMALL,         Lang: Assembler

*********************************************************************************************
STARTUP SECTION
---------------------------------------------------------------------------------------------
Entry point: 0xEE00 (main)

*********************************************************************************************
SECTION-ALLOCATION SECTION
Section Name                    Size  Type     From       To       Segment
---------------------------------------------------------------------------------------------
.data                              8   R/W       0x80       0x87   RAM
.stack                            96   R/W       0x88       0xE7   RAM
main191009.asm__ORG00001           2     R     0xFFF2     0xFFF3   .absSeg0
.init                            319     R     0xEE00     0xEF3E   ROM
.vectSeg1_vect                     2     R     0xFFFE     0xFFFF   .vectSeg1

Summary of section sizes per section type:
READ_ONLY (R):         143 (dec:      323)
READ_WRITE (R/W):       68 (dec:      104)

*********************************************************************************************
VECTOR-ALLOCATION SECTION
    Address     InitValue   InitFunction
---------------------------------------------------------------------------------------------
     0xFFFE        0xEE00   main

*********************************************************************************************
OBJECT-ALLOCATION SECTION
     Name               Module                 Addr   hSize   dSize     Ref    Section   RLIB
---------------------------------------------------------------------------------------------
MODULE:                 -- main191009.asm.o --
- PROCEDURES:
     main                                      EE00      1A      26       0   .init       
     LZERA                                     EE1A       B      11       0   .init       
     ROTTIMER                                  EE25      29      41       1   .init       
     SAIROT                                    EE4E       3       3       0   .init       
     VARRELETRAS                               EE51      10      16       0   .init       
     L1                                        EE61       3       3       0   .init       
     HEXASC                                    EE64       A      10       2   .init       
     ELETRA                                    EE6E       2       2       0   .init       
     SAIF                                      EE70       1       1       0   .init       
     LCD_CLR                                   EE71       C      12       1   .init       
     LCD_WRITE                                 EE7D      16      22       8   .init       
     FICOU4                                    EE93      13      19       0   .init       
     FICOU3                                    EE93       0       0       0   .init       
     ENABLE                                    EEA6      25      37       6   .init       
     FICOU1                                    EECB      18      24       0   .init       
     FICOU                                     EECB       0       0       0   .init       
     FICOU2                                    EEE3      3D      61       0   .init       
     D5mseg                                    EF20       3       3       7   .init       
     Tgasto1                                   EF23       3       3       0   .init       
     VOLTA0                                    EF26       9       9       0   .init       
     CURSO                                     EF2F      10      16       0   .init       
- VARIABLES:
     HORA                                        80       1       1       4   .data       
     MIN                                         81       1       1       4   .data       
     SEG                                         82       1       1       3   .data       
     TEMPO                                       83       1       1       5   .data       
     CARACTER                                    84       1       1      11   .data       
     TEMPO1                                      85       3       3       6   .data       
     VAR00001                                  FFF2       2       2       0   .text       

*********************************************************************************************
MODULE STATISTIC
  Name                                      Data   Code  Const
---------------------------------------------------------------------------------------------
  main191009.asm.o                             8    319      2
  other                                       96      2      0

*********************************************************************************************
SECTION USE IN OBJECT-ALLOCATION SECTION
---------------------------------------------------------------------------------------------
SECTION: ".text"
  VAR00001 
SECTION: ".data"
  HORA MIN SEG TEMPO CARACTER TEMPO1 
SECTION: ".init"
  main LZERA ROTTIMER SAIROT VARRELETRAS L1 HEXASC ELETRA SAIF LCD_CLR 
  LCD_WRITE FICOU3 FICOU4 ENABLE FICOU FICOU1 FICOU2 D5mseg Tgasto1 VOLTA0 
  CURSO 

*********************************************************************************************
OBJECT LIST SORTED BY ADDRESS
     Name                                      Addr   hSize   dSize     Ref    Section   RLIB
---------------------------------------------------------------------------------------------
     HORA                                        80       1       1       4   .data       
     MIN                                         81       1       1       4   .data       
     SEG                                         82       1       1       3   .data       
     TEMPO                                       83       1       1       5   .data       
     CARACTER                                    84       1       1      11   .data       
     TEMPO1                                      85       3       3       6   .data       
     main                                      EE00      1A      26       0   .init       
     LZERA                                     EE1A       B      11       0   .init       
     ROTTIMER                                  EE25      29      41       1   .init       
     SAIROT                                    EE4E       3       3       0   .init       
     VARRELETRAS                               EE51      10      16       0   .init       
     L1                                        EE61       3       3       0   .init       
     HEXASC                                    EE64       A      10       2   .init       
     ELETRA                                    EE6E       2       2       0   .init       
     SAIF                                      EE70       1       1       0   .init       
     LCD_CLR                                   EE71       C      12       1   .init       
     LCD_WRITE                                 EE7D      16      22       8   .init       
     FICOU3                                    EE93       0       0       0   .init       
     FICOU4                                    EE93      13      19       0   .init       
     ENABLE                                    EEA6      25      37       6   .init       
     FICOU                                     EECB       0       0       0   .init       
     FICOU1                                    EECB      18      24       0   .init       
     FICOU2                                    EEE3      3D      61       0   .init       
     D5mseg                                    EF20       3       3       7   .init       
     Tgasto1                                   EF23       3       3       0   .init       
     VOLTA0                                    EF26       9       9       0   .init       
     CURSO                                     EF2F      10      16       0   .init       
     VAR00001                                  FFF2       2       2       0   .text       

*********************************************************************************************
UNUSED-OBJECTS SECTION
---------------------------------------------------------------------------------------------

*********************************************************************************************
COPYDOWN SECTION
---------------------------------------------------------------------------------------------

*********************************************************************************************
OBJECT-DEPENDENCIES SECTION
---------------------------------------------------------------------------------------------
LZERA                     USES HORA MIN 
ROTTIMER                  USES TEMPO SEG MIN HORA 
VARRELETRAS               USES CARACTER LCD_WRITE 
LCD_CLR                   USES CARACTER LCD_WRITE D5mseg 
LCD_WRITE                 USES CARACTER ENABLE TEMPO1 
FICOU4                    USES TEMPO1 CARACTER LCD_WRITE 
ENABLE                    USES D5mseg ENABLE TEMPO 
FICOU1                    USES TEMPO ENABLE D5mseg 
FICOU2                    USES D5mseg TEMPO CARACTER LCD_WRITE LCD_CLR HEXASC 
D5mseg                    USES TEMPO1 
Tgasto1                   USES TEMPO1 
VOLTA0                    USES TEMPO1 

*********************************************************************************************
DEPENDENCY TREE
*********************************************************************************************
 main and _Startup Group
 | 
 +- main                
      
 _ORG00001           
 | 
 +- ROTTIMER            
      
*********************************************************************************************
STATISTIC SECTION
---------------------------------------------------------------------------------------------

ExeFile:
--------
Number of blocks to be downloaded: 3
Total size of all blocks to be downloaded: 323

